General stats:
  # of stations: 147
  # of stops: 302
  # of ride entries: 1,070,894
  date range: 2001-01-01 - 2021-07-31
  Total ridership: 3,377,404,512
  Weekday ridership: 2,778,644,946 (82.27%)
  Saturday ridership: 330,165,977 (9.78%)
  Sunday/holiday ridership: 268,593,589 (7.95%)

Please enter a command (1-9, x to exit): 
Enter partial station name (wildcards _ and %): **No stations found...

Please enter a command (1-9, x to exit): **Error, unknown command, try again...

Please enter a command (1-9, x to exit): 
Enter partial station name (wildcards _ and %): 40830 : 18th
41270 : 43rd
40130 : 51st
40990 : 69th
40240 : 79th
41430 : 87th
40270 : Main
41030 : Polk

Please enter a command (1-9, x to exit): ** ridership all stations **
18th : 9,248,879 (0.27%)
35-Bronzeville-IIT : 12,800,451 (0.38%)
35th/Archer : 16,229,257 (0.48%)
43rd : 5,973,445 (0.18%)
47th-Dan Ryan : 18,648,390 (0.55%)
47th-South Elevated : 7,841,812 (0.23%)
51st : 6,730,859 (0.20%)
54th/Cermak : 11,350,487 (0.34%)
63rd-Dan Ryan : 20,601,412 (0.61%)
69th : 35,382,177 (1.05%)
79th : 45,789,744 (1.36%)
87th : 29,063,378 (0.86%)
95th/Dan Ryan : 74,235,360 (2.20%)
Adams/Wabash : 44,340,901 (1.31%)
Addison-Brown : 12,546,060 (0.37%)
Addison-North Main : 52,261,636 (1.55%)
Addison-O'Hare : 15,817,565 (0.47%)
Argyle : 17,991,987 (0.53%)
Armitage : 22,815,829 (0.68%)
Ashland-Lake : 13,166,013 (0.39%)
Ashland-Orange : 9,160,080 (0.27%)
Ashland/63rd : 9,593,663 (0.28%)
Austin-Forest Park : 10,942,542 (0.32%)
Austin-Lake : 11,797,642 (0.35%)
Belmont-North Main : 74,452,064 (2.20%)
Belmont-O'Hare : 29,593,558 (0.88%)
Berwyn : 21,137,033 (0.63%)
Bryn Mawr : 28,870,688 (0.85%)
California-Cermak : 7,111,033 (0.21%)
California-Lake : 6,165,316 (0.18%)
California/Milwaukee : 25,079,496 (0.74%)
Central Park : 5,689,730 (0.17%)
Central-Evanston : 5,271,984 (0.16%)
Central-Lake : 13,896,601 (0.41%)
Cermak-Chinatown : 25,497,658 (0.75%)
Cermak-McCormick Place : 2,721,448 (0.08%)
Chicago/Franklin : 32,394,723 (0.96%)
Chicago/Milwaukee : 20,317,983 (0.60%)
Chicago/State : 91,899,932 (2.72%)
Cicero-Cermak : 6,853,366 (0.20%)
Cicero-Forest Park : 7,901,265 (0.23%)
Cicero-Lake : 8,540,208 (0.25%)
Clark/Division : 47,166,472 (1.40%)
Clark/Lake : 100,088,085 (2.96%)
Clinton-Forest Park : 17,968,990 (0.53%)
Clinton-Lake : 19,721,028 (0.58%)
Conservatory : 5,132,279 (0.15%)
Cumberland : 28,197,616 (0.83%)
Damen-Brown : 13,206,041 (0.39%)
Damen-Cermak : 7,075,573 (0.21%)
Damen/Milwaukee : 33,905,011 (1.00%)
Davis : 23,434,189 (0.69%)
Dempster : 5,097,798 (0.15%)
Dempster-Skokie : 12,554,345 (0.37%)
Diversey : 29,022,913 (0.86%)
Division/Milwaukee : 31,724,381 (0.94%)
East 63rd-Cottage Grove : 7,851,039 (0.23%)
Forest Park : 21,772,882 (0.64%)
Foster : 4,772,450 (0.14%)
Francisco : 7,863,159 (0.23%)
Fullerton : 72,888,906 (2.16%)
Garfield-Dan Ryan : 23,724,344 (0.70%)
Garfield-South Elevated : 9,697,759 (0.29%)
Grand/Milwaukee : 12,199,070 (0.36%)
Grand/State : 68,379,115 (2.02%)
Granville : 23,649,392 (0.70%)
Halsted-Orange : 15,078,473 (0.45%)
Halsted/63rd : 4,707,290 (0.14%)
Harlem-Forest Park : 6,233,400 (0.18%)
Harlem-Lake : 22,196,133 (0.66%)
Harlem-O'Hare : 16,631,243 (0.49%)
Harrison : 22,602,426 (0.67%)
Homan : 27 (0.00%)
Howard : 37,962,519 (1.12%)
Indiana : 4,942,648 (0.15%)
Irving Park-Brown : 15,443,624 (0.46%)
Irving Park-O'Hare : 24,645,617 (0.73%)
Jackson/Dearborn : 42,430,937 (1.26%)
Jackson/State : 61,803,911 (1.83%)
Jarvis : 9,633,997 (0.29%)
Jefferson Park : 38,770,585 (1.15%)
Kedzie-Brown : 11,406,178 (0.34%)
Kedzie-Cermak : 4,998,250 (0.15%)
Kedzie-Homan-Forest Park : 11,777,831 (0.35%)
Kedzie-Lake : 8,484,411 (0.25%)
Kedzie-Midway : 18,560,770 (0.55%)
Kimball : 23,474,134 (0.70%)
King Drive : 3,931,290 (0.12%)
Kostner : 2,471,822 (0.07%)
LaSalle : 15,641,459 (0.46%)
LaSalle/Van Buren : 15,889,617 (0.47%)
Lake/State : 100,419,088 (2.97%)
Laramie : 8,142,297 (0.24%)
Lawrence : 19,827,566 (0.59%)
Library : 20,688,037 (0.61%)
Linden : 6,334,065 (0.19%)
Logan Square : 36,476,777 (1.08%)
Loyola : 32,790,054 (0.97%)
Madison/Wabash : 23,399,794 (0.69%)
Main : 7,343,416 (0.22%)
Medical Center : 16,023,888 (0.47%)
Merchandise Mart : 35,064,204 (1.04%)
Midway Airport : 52,029,060 (1.54%)
Monroe/Dearborn : 36,300,626 (1.07%)
Monroe/State : 52,506,538 (1.55%)
Montrose-Brown : 14,031,551 (0.42%)
Montrose-O'Hare : 12,770,228 (0.38%)
Morgan-Lake : 6,940,957 (0.21%)
Morse : 27,480,822 (0.81%)
North/Clybourn : 31,991,580 (0.95%)
Noyes : 4,488,208 (0.13%)
O'Hare Airport : 66,363,838 (1.96%)
Oak Park-Forest Park : 9,532,373 (0.28%)
Oak Park-Lake : 9,153,685 (0.27%)
Oakton-Skokie : 2,188,410 (0.06%)
Paulina : 14,323,868 (0.42%)
Polk : 16,797,824 (0.50%)
Pulaski-Cermak : 5,711,498 (0.17%)
Pulaski-Forest Park : 10,427,350 (0.31%)
Pulaski-Lake : 10,161,119 (0.30%)
Pulaski-Orange : 29,259,718 (0.87%)
Quincy/Wells : 40,084,322 (1.19%)
Racine : 12,962,481 (0.38%)
Randolph/Wabash : 35,735,182 (1.06%)
Ridgeland : 7,630,089 (0.23%)
Rockwell : 9,283,127 (0.27%)
Roosevelt : 61,487,262 (1.82%)
Rosemont : 33,632,784 (1.00%)
Sedgwick : 20,574,795 (0.61%)
Sheridan : 31,270,250 (0.93%)
South Boulevard : 4,691,607 (0.14%)
Southport : 17,520,756 (0.52%)
Sox-35th-Dan Ryan : 27,997,425 (0.83%)
State/Lake : 57,356,757 (1.70%)
Thorndale : 18,048,574 (0.53%)
UIC-Halsted : 29,613,095 (0.88%)
Washington/Dearborn : 57,938,092 (1.72%)
Washington/State : 14,321,124 (0.42%)
Washington/Wabash : 9,009,325 (0.27%)
Washington/Wells : 38,394,359 (1.14%)
Wellington : 15,174,382 (0.45%)
Western-Brown : 23,142,684 (0.69%)
Western-Cermak : 5,803,238 (0.17%)
Western-Forest Park : 8,814,396 (0.26%)
Western-Orange : 20,905,905 (0.62%)
Western/Milwaukee : 26,646,085 (0.79%)
Wilson : 35,862,893 (1.06%)

Please enter a command (1-9, x to exit):  