General stats:
  # of stations: 147
  # of stops: 302
  # of ride entries: 1,070,894
  date range: 2001-01-01 - 2021-07-31
  Total ridership: 3,377,404,512
  Weekday ridership: 2,778,644,946 (82.27%)
  Saturday ridership: 330,165,977 (9.78%)
  Sunday/holiday ridership: 268,593,589 (7.95%)

Please enter a command (1-9, x to exit): 
Enter partial station name (wildcards _ and %): 41320 : Belmont-North Main
40060 : Belmont-O'Hare

Please enter a command (1-9, x to exit): 
Enter partial station name (wildcards _ and %): 40350 : UIC-Halsted

Please enter a command (1-9, x to exit): 
Enter partial station name (wildcards _ and %): **No stations found...

Please enter a command (1-9, x to exit): 
Enter partial station name (wildcards _ and %): 41660 : Lake/State

Please enter a command (1-9, x to exit): 
Enter partial station name (wildcards _ and %): 40680 : Adams/Wabash
40640 : Madison/Wabash
40200 : Randolph/Wabash
41700 : Washington/Wabash

Please enter a command (1-9, x to exit): 
Enter partial station name (wildcards _ and %): 40050 : Davis
41580 : Homan
40100 : Morse
40400 : Noyes

Please enter a command (1-9, x to exit): 
Enter partial station name (wildcards _ and %): 41050 : Linden

Please enter a command (1-9, x to exit): 
Enter partial station name (wildcards _ and %): 40830 : 18th
41120 : 35-Bronzeville-IIT
40120 : 35th/Archer
41270 : 43rd
41230 : 47th-Dan Ryan
41080 : 47th-South Elevated
40130 : 51st
40580 : 54th/Cermak
40910 : 63rd-Dan Ryan
40990 : 69th
40240 : 79th
41430 : 87th
40450 : 95th/Dan Ryan
40680 : Adams/Wabash
41440 : Addison-Brown
41420 : Addison-North Main
41240 : Addison-O'Hare
41200 : Argyle
40660 : Armitage
40170 : Ashland-Lake
41060 : Ashland-Orange
40290 : Ashland/63rd
40010 : Austin-Forest Park
41260 : Austin-Lake
41320 : Belmont-North Main
40060 : Belmont-O'Hare
40340 : Berwyn
41380 : Bryn Mawr
40440 : California-Cermak
41360 : California-Lake
40570 : California/Milwaukee
40780 : Central Park
41250 : Central-Evanston
40280 : Central-Lake
41000 : Cermak-Chinatown
41690 : Cermak-McCormick Place
40710 : Chicago/Franklin
41410 : Chicago/Milwaukee
41450 : Chicago/State
40420 : Cicero-Cermak
40970 : Cicero-Forest Park
40480 : Cicero-Lake
40630 : Clark/Division
40380 : Clark/Lake
40430 : Clinton-Forest Park
41160 : Clinton-Lake
41670 : Conservatory
40230 : Cumberland
40090 : Damen-Brown
40210 : Damen-Cermak
40590 : Damen/Milwaukee
40050 : Davis
40690 : Dempster
40140 : Dempster-Skokie
40530 : Diversey
40320 : Division/Milwaukee
40720 : East 63rd-Cottage Grove
40390 : Forest Park
40520 : Foster
40870 : Francisco
41220 : Fullerton
41170 : Garfield-Dan Ryan
40510 : Garfield-South Elevated
40490 : Grand/Milwaukee
40330 : Grand/State
40760 : Granville
41130 : Halsted-Orange
40940 : Halsted/63rd
40980 : Harlem-Forest Park
40020 : Harlem-Lake
40750 : Harlem-O'Hare
41490 : Harrison
41580 : Homan
40900 : Howard
40300 : Indiana
41460 : Irving Park-Brown
40550 : Irving Park-O'Hare
40070 : Jackson/Dearborn
40560 : Jackson/State
41190 : Jarvis
41280 : Jefferson Park
41180 : Kedzie-Brown
41040 : Kedzie-Cermak
40250 : Kedzie-Homan-Forest Park
41070 : Kedzie-Lake
41150 : Kedzie-Midway
41290 : Kimball
41140 : King Drive
40600 : Kostner
41340 : LaSalle
40160 : LaSalle/Van Buren
41660 : Lake/State
40700 : Laramie
40770 : Lawrence
40850 : Library
41050 : Linden
41020 : Logan Square
41300 : Loyola
40640 : Madison/Wabash
40270 : Main
40810 : Medical Center
40460 : Merchandise Mart
40930 : Midway Airport
40790 : Monroe/Dearborn
41090 : Monroe/State
41500 : Montrose-Brown
41330 : Montrose-O'Hare
41510 : Morgan-Lake
40100 : Morse
40650 : North/Clybourn
40400 : Noyes
40890 : O'Hare Airport
40180 : Oak Park-Forest Park
41350 : Oak Park-Lake
41680 : Oakton-Skokie
41310 : Paulina
41030 : Polk
40150 : Pulaski-Cermak
40920 : Pulaski-Forest Park
40030 : Pulaski-Lake
40960 : Pulaski-Orange
40040 : Quincy/Wells
40470 : Racine
40200 : Randolph/Wabash
40610 : Ridgeland
41010 : Rockwell
41400 : Roosevelt
40820 : Rosemont
40800 : Sedgwick
40080 : Sheridan
40840 : South Boulevard
40360 : Southport
40190 : Sox-35th-Dan Ryan
40260 : State/Lake
40880 : Thorndale
40350 : UIC-Halsted
40370 : Washington/Dearborn
40500 : Washington/State
41700 : Washington/Wabash
40730 : Washington/Wells
41210 : Wellington
41480 : Western-Brown
40740 : Western-Cermak
40220 : Western-Forest Park
40310 : Western-Orange
40670 : Western/Milwaukee
40540 : Wilson

Please enter a command (1-9, x to exit):