General stats:
  # of stations: 147
  # of stops: 302
  # of ride entries: 1,070,894
  date range: 2001-01-01 - 2021-07-31
  Total ridership: 3,377,404,512
  Weekday ridership: 2,778,644,946 (82.27%)
  Saturday ridership: 330,165,977 (9.78%)
  Sunday/holiday ridership: 268,593,589 (7.95%)

Please enter a command (1-9, x to exit): 
Enter a line color (e.g. Red or Yellow): Adams/Wabash : (41.879507, -87.626037)
Armitage : (41.918217, -87.652644)
Belmont-North Main : (41.939751, -87.65338)
Central-Evanston : (42.063987, -87.685617)
Chicago/Franklin : (41.89681, -87.635924)
Clark/Lake : (41.885737, -87.630886)
Davis : (42.04771, -87.683543)
Dempster : (42.041655, -87.681602)
Diversey : (41.932732, -87.653131)
Foster : (42.05416, -87.68356)
Fullerton : (41.925051, -87.652866)
Howard : (42.019063, -87.672892)
LaSalle/Van Buren : (41.8768, -87.631739)
Library : (41.876862, -87.628196)
Linden : (42.073153, -87.69073)
Madison/Wabash : (41.882023, -87.626098)
Main : (42.033456, -87.679538)
Merchandise Mart : (41.888969, -87.633924)
Noyes : (42.058282, -87.683337)
Quincy/Wells : (41.878723, -87.63374)
Randolph/Wabash : (41.884431, -87.626149)
Sedgwick : (41.910409, -87.639302)
South Boulevard : (42.027612, -87.678329)
State/Lake : (41.88574, -87.627835)
Washington/Wabash : (41.88322, -87.626189)
Washington/Wells : (41.882695, -87.63378)
Wellington : (41.936033, -87.653266)

Plot? (y/n) 
Please enter a command (1-9, x to exit): 
Enter a line color (e.g. Red or Yellow): Addison-O'Hare : (41.94738, -87.71906)
Austin-Forest Park : (41.870851, -87.776812)
Belmont-O'Hare : (41.938132, -87.712359)
California/Milwaukee : (41.921939, -87.69689)
Chicago/Milwaukee : (41.896075, -87.655214)
Cicero-Forest Park : (41.871574, -87.745154)
Clark/Lake : (41.885737, -87.630886)
Clinton-Forest Park : (41.875539, -87.640984)
Cumberland : (41.984246, -87.838028)
Damen/Milwaukee : (41.909744, -87.677437)
Division/Milwaukee : (41.903355, -87.666496)
Forest Park : (41.874257, -87.817318)
Grand/Milwaukee : (41.891189, -87.647578)
Harlem-Forest Park : (41.87349, -87.806961)
Harlem-O'Hare : (41.98227, -87.8089)
Irving Park-O'Hare : (41.952925, -87.729229)
Jackson/Dearborn : (41.878183, -87.629296)
Jefferson Park : (41.970634, -87.760892)
Kedzie-Homan-Forest Park : (41.874341, -87.70604)
LaSalle : (41.875568, -87.631722)
Logan Square : (41.929728, -87.708541)
Medical Center : (41.875706, -87.673932)
Monroe/Dearborn : (41.880703, -87.629378)
Montrose-O'Hare : (41.961539, -87.743574)
O'Hare Airport : (41.97766526, -87.90422307)
Oak Park-Forest Park : (41.872108, -87.791602)
Pulaski-Forest Park : (41.873797, -87.725663)
Racine : (41.87592, -87.659458)
Rosemont : (41.983507, -87.859388)
UIC-Halsted : (41.875474, -87.649707)
Washington/Dearborn : (41.883164, -87.62944)
Western-Forest Park : (41.875478, -87.688436)
Western/Milwaukee : (41.916157, -87.687364)

Plot? (y/n) 
Please enter a command (1-9, x to exit): 
Enter a line color (e.g. Red or Yellow): 35-Bronzeville-IIT : (41.831677, -87.625826)
43rd : (41.816462, -87.619021)
47th-South Elevated : (41.809209, -87.618826)
51st : (41.80209, -87.618487)
Adams/Wabash : (41.879507, -87.626037)
Ashland-Lake : (41.885269, -87.666969)
Ashland/63rd : (41.77886, -87.663766)
Austin-Lake : (41.887293, -87.774135)
California-Lake : (41.88422, -87.696234)
Central-Lake : (41.887389, -87.76565)
Cermak-McCormick Place : (41.853115, -87.626402)
Cicero-Lake : (41.886519, -87.744698)
Clark/Lake : (41.885737, -87.630886)
Clinton-Lake : (41.885678, -87.641782)
Conservatory : (41.884904, -87.716523)
East 63rd-Cottage Grove : (41.780309, -87.605857)
Garfield-South Elevated : (41.795172, -87.618327)
Halsted/63rd : (41.778943, -87.644244)
Harlem-Lake : (41.886848, -87.803176)
Indiana : (41.821732, -87.621371)
Kedzie-Lake : (41.884321, -87.706155)
King Drive : (41.78013, -87.615546)
Laramie : (41.887163, -87.754986)
Madison/Wabash : (41.882023, -87.626098)
Morgan-Lake : (41.885586, -87.652193)
Oak Park-Lake : (41.886988, -87.793783)
Pulaski-Lake : (41.885412, -87.725404)
Randolph/Wabash : (41.884431, -87.626149)
Ridgeland : (41.887159, -87.783661)
Roosevelt : (41.867405, -87.62659)
State/Lake : (41.88574, -87.627835)
Washington/Wabash : (41.88322, -87.626189)

Plot? (y/n) 
Please enter a command (1-9, x to exit): 
Enter partial station name (wildcards _ and %): 41200 : Argyle
40340 : Berwyn
40520 : Foster
40900 : Howard
41190 : Jarvis
41050 : Linden
41300 : Loyola
40470 : Racine
40540 : Wilson

Please enter a command (1-9, x to exit): 
Enter a line color (e.g. Red or Yellow): Adams/Wabash : (41.879507, -87.626037)
Addison-Brown : (41.947028, -87.674642)
Armitage : (41.918217, -87.652644)
Belmont-North Main : (41.939751, -87.65338)
Chicago/Franklin : (41.89681, -87.635924)
Clark/Lake : (41.885737, -87.630886)
Damen-Brown : (41.966286, -87.678639)
Diversey : (41.932732, -87.653131)
Francisco : (41.966046, -87.701644)
Fullerton : (41.925051, -87.652866)
Irving Park-Brown : (41.954521, -87.674868)
Kedzie-Brown : (41.965996, -87.708821)
Kimball : (41.967901, -87.713065)
LaSalle/Van Buren : (41.8768, -87.631739)
Library : (41.876862, -87.628196)
Madison/Wabash : (41.882023, -87.626098)
Merchandise Mart : (41.888969, -87.633924)
Montrose-Brown : (41.961756, -87.675047)
Paulina : (41.943623, -87.670907)
Quincy/Wells : (41.878723, -87.63374)
Randolph/Wabash : (41.884431, -87.626149)
Rockwell : (41.966115, -87.6941)
Sedgwick : (41.910409, -87.639302)
Southport : (41.943744, -87.663619)
State/Lake : (41.88574, -87.627835)
Washington/Wabash : (41.88322, -87.626189)
Washington/Wells : (41.882695, -87.63378)
Wellington : (41.936033, -87.653266)
Western-Brown : (41.966163, -87.688502)

Plot? (y/n) 
Please enter a command (1-9, x to exit): 
Enter a line color (e.g. Red or Yellow): 35th/Archer : (41.829353, -87.680622)
Adams/Wabash : (41.879507, -87.626037)
Ashland-Orange : (41.839234, -87.665317)
Clark/Lake : (41.885737, -87.630886)
Halsted-Orange : (41.84678, -87.648088)
Kedzie-Midway : (41.804236, -87.704406)
LaSalle/Van Buren : (41.8768, -87.631739)
Library : (41.876862, -87.628196)
Madison/Wabash : (41.882023, -87.626098)
Midway Airport : (41.78661, -87.737875)
Pulaski-Orange : (41.799756, -87.724493)
Quincy/Wells : (41.878723, -87.63374)
Randolph/Wabash : (41.884431, -87.626149)
Roosevelt : (41.867405, -87.62659)
State/Lake : (41.88574, -87.627835)
Washington/Wabash : (41.88322, -87.626189)
Washington/Wells : (41.882695, -87.63378)
Western-Orange : (41.804546, -87.684019)

Plot? (y/n) 
Please enter a command (1-9, x to exit): 
Enter a line color (e.g. Red or Yellow): **No such line...

Please enter a command (1-9, x to exit): 
Enter a line color (e.g. Red or Yellow): 18th : (41.857908, -87.669147)
54th/Cermak : (41.85177331, -87.75669201)
Adams/Wabash : (41.879507, -87.626037)
Ashland-Lake : (41.885269, -87.666969)
California-Cermak : (41.854109, -87.694774)
Central Park : (41.853839, -87.714842)
Cicero-Cermak : (41.85182, -87.745336)
Clark/Lake : (41.885737, -87.630886)
Clinton-Lake : (41.885678, -87.641782)
Damen-Cermak : (41.854517, -87.675975)
Kedzie-Cermak : (41.853964, -87.705408)
Kostner : (41.853751, -87.733258)
LaSalle/Van Buren : (41.8768, -87.631739)
Library : (41.876862, -87.628196)
Madison/Wabash : (41.882023, -87.626098)
Morgan-Lake : (41.885586, -87.652193)
Polk : (41.871551, -87.66953)
Pulaski-Cermak : (41.853732, -87.724311)
Quincy/Wells : (41.878723, -87.63374)
Randolph/Wabash : (41.884431, -87.626149)
State/Lake : (41.88574, -87.627835)
Washington/Wabash : (41.88322, -87.626189)
Washington/Wells : (41.882695, -87.63378)
Western-Cermak : (41.854225, -87.685129)

Plot? (y/n) 
Please enter a command (1-9, x to exit): ** least-10 stations **
Homan : 27 (0.00%)
Oakton-Skokie : 2,188,410 (0.06%)
Kostner : 2,471,822 (0.07%)
Cermak-McCormick Place : 2,721,448 (0.08%)
King Drive : 3,931,290 (0.12%)
Noyes : 4,488,208 (0.13%)
South Boulevard : 4,691,607 (0.14%)
Halsted/63rd : 4,707,290 (0.14%)
Foster : 4,772,450 (0.14%)
Indiana : 4,942,648 (0.15%)

Please enter a command (1-9, x to exit):